./shouldfail xmllint --noout --schema ccn.xsd ccn-bad01.xml
ccn-bad01.xml:1: parser error : Start tag expected, '<' not found
This is not XML.
^
./shouldfail xmllint --noout --schema ccn.xsd ccn-bad02.xml
ccn-bad02.xml:1: element a: Schemas validity error : Element 'a': No matching global declaration available for the validation root.
ccn-bad02.xml fails to validate
./shouldfail xmllint --noout --schema ccn.xsd ccn-bad06.xml
ccn-bad06.xml:4: element SpublisherIssuerKeyDigest: Schemas validity error : Element 'SpublisherIssuerKeyDigest': This element is not expected. Expected is one of ( NameComponentCount, AdditionalNameComponents, PublisherPublicKeyDigest, PublisherCertificateDigest, PublisherIssuerKeyDigest, PublisherIssuerCertificateDigest, Exclude, OrderPreference, AnswerOriginKind, Scope ).
ccn-bad06.xml fails to validate
./shouldfail xmllint --noout --schema ccn.xsd ccn-bad11.xml
ccn-bad11.xml:5: element Bloom: Schemas validity error : Element 'Bloom': This element is not expected. Expected is ( Component ).
ccn-bad11.xml fails to validate
./shouldfail xmllint --noout --schema ccn.xsd ccn-schemabad01.xml
ccn-schemabad01.xml:5: element Witness: Schemas validity error : Element 'Witness': 'foo' is not a valid value of the atomic type 'xs:base64Binary'.
ccn-schemabad01.xml fails to validate
./shouldfail xmllint --noout --schema ccn.xsd ccn-schemabad02.xml
ccn-schemabad02.xml:5: element Witness: Schemas validity error : Element 'Witness': 'bad!' is not a valid value of the atomic type 'xs:base64Binary'.
ccn-schemabad02.xml fails to validate
./shouldfail xmllint --noout --schema ccn.xsd ccn-schemabad04.xml
ccn-schemabad04.xml:8: element NameComponentCount: Schemas validity error : Element 'NameComponentCount': 'E' is not a valid value of the atomic type 'xs:nonNegativeInteger'.
ccn-schemabad04.xml fails to validate
./shouldfail xmllint --noout --schema ccn.xsd ccn-schemabad10.xml
ccn-schemabad10.xml:12: element Timestamp: Schemas validity error : Element 'Timestamp': [facet 'length'] The value has a length of '9'; this differs from the allowed length of '6'.
ccn-schemabad10.xml:12: element Timestamp: Schemas validity error : Element 'Timestamp': '+B+A+D+T67bp' is not a valid value of the atomic type 'BinaryTime12'.
ccn-schemabad10.xml fails to validate
./shouldfail xmllint --noout --schema ccn.xsd ccn-schemabad12.xml
ccn-schemabad12.xml:13: element Type: Schemas validity error : Element 'Type': [facet 'enumeration'] The value 'FUZZ' is not an element of the set {'DATA', 'GONE', 'KEY/', 'LINK', 'NACK'}.
ccn-schemabad12.xml:13: element Type: Schemas validity error : Element 'Type': 'FUZZ' is not a valid value of the atomic type 'ContentTypeType'.
ccn-schemabad12.xml:27: element Type: Schemas validity error : Element 'Type': [facet 'enumeration'] The value 'FUZZ' is not an element of the set {'DATA', 'GONE', 'KEY/', 'LINK', 'NACK'}.
ccn-schemabad12.xml:27: element Type: Schemas validity error : Element 'Type': 'FUZZ' is not a valid value of the atomic type 'ContentTypeType'.
ccn-schemabad12.xml fails to validate
./shouldfail xmllint --noout --dtdvalid ccn.dtd ccn-bad01.xml
ccn-bad01.xml:1: parser error : Start tag expected, '<' not found
This is not XML.
^
./shouldfail xmllint --noout --dtdvalid ccn.dtd ccn-bad02.xml
ccn-bad02.xml:1: element a: validity error : No declaration for element a
Document ccn-bad02.xml does not validate against ccn.dtd
./shouldfail xmllint --noout --dtdvalid ccn.dtd ccn-bad06.xml
ccn-bad06.xml:2: element Interest: validity error : Element Interest content does not follow the DTD, expecting (Name , NameComponentCount? , AdditionalNameComponents? , (PublisherPublicKeyDigest | PublisherCertificateDigest | PublisherIssuerKeyDigest | PublisherIssuerCertificateDigest)? , Exclude? , OrderPreference? , AnswerOriginKind? , Scope? , Count? , Nonce? , ExperimentalResponseFilter?), got (Name SpublisherIssuerKeyDigest OrderPreference )
ccn-bad06.xml:4: element SpublisherIssuerKeyDigest: validity error : No declaration for element SpublisherIssuerKeyDigest
ccn-bad06.xml:4: element SpublisherIssuerKeyDigest: validity error : No declaration for attribute ccnbencoding of element SpublisherIssuerKeyDigest
Document ccn-bad06.xml does not validate against ccn.dtd
./shouldfail xmllint --noout --dtdvalid ccn.dtd ccn-bad11.xml
ccn-bad11.xml:4: element Exclude: validity error : Element Exclude content does not follow the DTD, expecting (Bloom? , (Component , Bloom?)*), got (Bloom Bloom )
Document ccn-bad11.xml does not validate against ccn.dtd
./shouldfail xmllint --noout --dtdvalid ccn.dtd ccn-dtdbad00.xml
ccn-dtdbad00.xml:1: parser error : Document is empty

^
ccn-dtdbad00.xml:1: parser error : Start tag expected, '<' not found

^
